###############################################################################
#
# IAR ELF Linker V8.11.2.13589/W32 for ARM                19/Jun/2017  23:07:50
# Copyright 2007-2017 IAR Systems AB.
#
#    Output file  =  
#        D:\01_MiladuoSoft\github\backup-STM32F0xx_Lock\stm32f0xx_stdperiph_lib\Project\STM32F0xx_StdPeriph_Templates\EWARM\STM32F030\Exe\Project.out
#    Map file     =  
#        D:\01_MiladuoSoft\github\backup-STM32F0xx_Lock\stm32f0xx_stdperiph_lib\Project\STM32F0xx_StdPeriph_Templates\EWARM\STM32F030\List\Project.map
#    Command line =  
#        -f C:\Users\MILADU~1\AppData\Local\Temp\EW236A.tmp
#        (D:\01_MiladuoSoft\github\backup-STM32F0xx_Lock\stm32f0xx_stdperiph_lib\Project\STM32F0xx_StdPeriph_Templates\EWARM\STM32F030\Obj\main.o
#        D:\01_MiladuoSoft\github\backup-STM32F0xx_Lock\stm32f0xx_stdperiph_lib\Project\STM32F0xx_StdPeriph_Templates\EWARM\STM32F030\Obj\startup_stm32f030.o
#        D:\01_MiladuoSoft\github\backup-STM32F0xx_Lock\stm32f0xx_stdperiph_lib\Project\STM32F0xx_StdPeriph_Templates\EWARM\STM32F030\Obj\stm32f0xx_adc.o
#        D:\01_MiladuoSoft\github\backup-STM32F0xx_Lock\stm32f0xx_stdperiph_lib\Project\STM32F0xx_StdPeriph_Templates\EWARM\STM32F030\Obj\stm32f0xx_crc.o
#        D:\01_MiladuoSoft\github\backup-STM32F0xx_Lock\stm32f0xx_stdperiph_lib\Project\STM32F0xx_StdPeriph_Templates\EWARM\STM32F030\Obj\stm32f0xx_dbgmcu.o
#        D:\01_MiladuoSoft\github\backup-STM32F0xx_Lock\stm32f0xx_stdperiph_lib\Project\STM32F0xx_StdPeriph_Templates\EWARM\STM32F030\Obj\stm32f0xx_dma.o
#        D:\01_MiladuoSoft\github\backup-STM32F0xx_Lock\stm32f0xx_stdperiph_lib\Project\STM32F0xx_StdPeriph_Templates\EWARM\STM32F030\Obj\stm32f0xx_exti.o
#        D:\01_MiladuoSoft\github\backup-STM32F0xx_Lock\stm32f0xx_stdperiph_lib\Project\STM32F0xx_StdPeriph_Templates\EWARM\STM32F030\Obj\stm32f0xx_flash.o
#        D:\01_MiladuoSoft\github\backup-STM32F0xx_Lock\stm32f0xx_stdperiph_lib\Project\STM32F0xx_StdPeriph_Templates\EWARM\STM32F030\Obj\stm32f0xx_gpio.o
#        D:\01_MiladuoSoft\github\backup-STM32F0xx_Lock\stm32f0xx_stdperiph_lib\Project\STM32F0xx_StdPeriph_Templates\EWARM\STM32F030\Obj\stm32f0xx_i2c.o
#        D:\01_MiladuoSoft\github\backup-STM32F0xx_Lock\stm32f0xx_stdperiph_lib\Project\STM32F0xx_StdPeriph_Templates\EWARM\STM32F030\Obj\stm32f0xx_it.o
#        D:\01_MiladuoSoft\github\backup-STM32F0xx_Lock\stm32f0xx_stdperiph_lib\Project\STM32F0xx_StdPeriph_Templates\EWARM\STM32F030\Obj\stm32f0xx_iwdg.o
#        D:\01_MiladuoSoft\github\backup-STM32F0xx_Lock\stm32f0xx_stdperiph_lib\Project\STM32F0xx_StdPeriph_Templates\EWARM\STM32F030\Obj\stm32f0xx_misc.o
#        D:\01_MiladuoSoft\github\backup-STM32F0xx_Lock\stm32f0xx_stdperiph_lib\Project\STM32F0xx_StdPeriph_Templates\EWARM\STM32F030\Obj\stm32f0xx_pwr.o
#        D:\01_MiladuoSoft\github\backup-STM32F0xx_Lock\stm32f0xx_stdperiph_lib\Project\STM32F0xx_StdPeriph_Templates\EWARM\STM32F030\Obj\stm32f0xx_rcc.o
#        D:\01_MiladuoSoft\github\backup-STM32F0xx_Lock\stm32f0xx_stdperiph_lib\Project\STM32F0xx_StdPeriph_Templates\EWARM\STM32F030\Obj\stm32f0xx_rtc.o
#        D:\01_MiladuoSoft\github\backup-STM32F0xx_Lock\stm32f0xx_stdperiph_lib\Project\STM32F0xx_StdPeriph_Templates\EWARM\STM32F030\Obj\stm32f0xx_spi.o
#        D:\01_MiladuoSoft\github\backup-STM32F0xx_Lock\stm32f0xx_stdperiph_lib\Project\STM32F0xx_StdPeriph_Templates\EWARM\STM32F030\Obj\stm32f0xx_syscfg.o
#        D:\01_MiladuoSoft\github\backup-STM32F0xx_Lock\stm32f0xx_stdperiph_lib\Project\STM32F0xx_StdPeriph_Templates\EWARM\STM32F030\Obj\stm32f0xx_tim.o
#        D:\01_MiladuoSoft\github\backup-STM32F0xx_Lock\stm32f0xx_stdperiph_lib\Project\STM32F0xx_StdPeriph_Templates\EWARM\STM32F030\Obj\stm32f0xx_usart.o
#        D:\01_MiladuoSoft\github\backup-STM32F0xx_Lock\stm32f0xx_stdperiph_lib\Project\STM32F0xx_StdPeriph_Templates\EWARM\STM32F030\Obj\stm32f0xx_wwdg.o
#        D:\01_MiladuoSoft\github\backup-STM32F0xx_Lock\stm32f0xx_stdperiph_lib\Project\STM32F0xx_StdPeriph_Templates\EWARM\STM32F030\Obj\system_stm32f0xx.o
#        --redirect _Printf=_PrintfSmall --redirect _Scanf=_ScanfSmall -o
#        D:\01_MiladuoSoft\github\backup-STM32F0xx_Lock\stm32f0xx_stdperiph_lib\Project\STM32F0xx_StdPeriph_Templates\EWARM\STM32F030\Exe\Project.out
#        --map
#        D:\01_MiladuoSoft\github\backup-STM32F0xx_Lock\stm32f0xx_stdperiph_lib\Project\STM32F0xx_StdPeriph_Templates\EWARM\STM32F030\List\Project.map
#        --config
#        D:\01_MiladuoSoft\github\backup-STM32F0xx_Lock\stm32f0xx_stdperiph_lib\Project\STM32F0xx_StdPeriph_Templates\EWARM\stm32f030_flash.icf
#        --semihosting --entry __iar_program_start --vfe --text_out locale)
#
###############################################################################

*******************************************************************************
*** RUNTIME MODEL ATTRIBUTES
***

CppFlavor       = *
__SystemLibrary = DLib
__dlib_version  = 6


*******************************************************************************
*** HEAP SELECTION
***

The basic heap was selected because no calls to memory allocation
functions were found in the application outside of system library
functions, and there are calls to deallocation functions in the
application.


*******************************************************************************
*** PLACEMENT SUMMARY
***

"A0":  place at 0x08000000 { ro section .intvec };
"P1":  place in [from 0x08000000 to 0x0800ffff] { ro };
define block CSTACK with size = 1K, alignment = 8 { };
define block HEAP with size = 512, alignment = 8 { };
"P2":  place in [from 0x20000000 to 0x20001fff] {
          rw, block CSTACK, block HEAP };

  Section   Kind        Address   Size  Object
  -------   ----        -------   ----  ------
"A0":                             0xb4
  .intvec   ro code  0x08000000   0xb4  startup_stm32f030.o [1]
                   - 0x080000b4   0xb4

"P1":                            0x1a4
  .text     ro code  0x080000b4   0xf0  system_stm32f0xx.o [1]
  .text     ro code  0x080001a4   0x28  startup_stm32f030.o [1]
  .text     ro code  0x080001cc   0x1a  cmain.o [4]
  .text     ro code  0x080001e6    0x4  low_level_init.o [3]
  .text     ro code  0x080001ea    0x2  main.o [1]
  .text     ro code  0x080001ec    0x8  exit.o [3]
  .text     ro code  0x080001f4    0xa  cexit.o [4]
  .text     ro code  0x080001fe    0xa  stm32f0xx_it.o [1]
  .text     ro code  0x08000208   0x14  exit.o [5]
  .text     ro code  0x0800021c    0xc  cstartup_M.o [4]
  .text     ro code  0x08000228    0x2  startup_stm32f030.o [1]
  .text     ro code  0x0800022a    0x2  startup_stm32f030.o [1]
  .text     ro code  0x0800022c    0x2  startup_stm32f030.o [1]
  .text     ro code  0x0800022e    0x2  startup_stm32f030.o [1]
  .text     ro code  0x08000230    0x2  startup_stm32f030.o [1]
  .text     ro code  0x08000232    0x2  startup_stm32f030.o [1]
  .text     ro code  0x08000234    0x2  startup_stm32f030.o [1]
  .text     ro code  0x08000236    0x2  startup_stm32f030.o [1]
  .text     ro code  0x08000238    0x2  startup_stm32f030.o [1]
  .text     ro code  0x0800023a    0x2  startup_stm32f030.o [1]
  .text     ro code  0x0800023c    0x2  startup_stm32f030.o [1]
  .text     ro code  0x0800023e    0x2  startup_stm32f030.o [1]
  .text     ro code  0x08000240    0x2  startup_stm32f030.o [1]
  .text     ro code  0x08000242    0x2  startup_stm32f030.o [1]
  .text     ro code  0x08000244    0x2  startup_stm32f030.o [1]
  .text     ro code  0x08000246    0x2  startup_stm32f030.o [1]
  .text     ro code  0x08000248    0x2  startup_stm32f030.o [1]
  .text     ro code  0x0800024a    0x2  startup_stm32f030.o [1]
  .text     ro code  0x0800024c    0x2  startup_stm32f030.o [1]
  .text     ro code  0x0800024e    0x2  startup_stm32f030.o [1]
  .text     ro code  0x08000250    0x2  startup_stm32f030.o [1]
  .text     ro code  0x08000252    0x2  startup_stm32f030.o [1]
  .text     ro code  0x08000254    0x2  startup_stm32f030.o [1]
  .text     ro code  0x08000256    0x2  startup_stm32f030.o [1]
                   - 0x08000258  0x1a4

"P2":                            0x400
  CSTACK             0x20000000  0x400  <Block>
    CSTACK  uninit   0x20000000  0x400  <Block tail>
                   - 0x20000400  0x400



*******************************************************************************
*** MODULE SUMMARY
***

    Module               ro code  rw data
    ------               -------  -------
D:\01_MiladuoSoft\github\backup-STM32F0xx_Lock\stm32f0xx_stdperiph_lib\Project\STM32F0xx_StdPeriph_Templates\EWARM\STM32F030\Obj: [1]
    main.o                     2
    startup_stm32f030.o      268
    stm32f0xx_it.o            10
    system_stm32f0xx.o       240
    -------------------------------------
    Total:                   520

command line: [2]
    -------------------------------------
    Total:

dl6M_tln.a: [3]
    exit.o                     8
    low_level_init.o           4
    -------------------------------------
    Total:                    12

rt6M_tl.a: [4]
    cexit.o                   10
    cmain.o                   26
    cstartup_M.o              12
    -------------------------------------
    Total:                    48

shb_l.a: [5]
    exit.o                    20
    -------------------------------------
    Total:                    20

    Linker created                  1 024
-----------------------------------------
    Grand Total:             600    1 024


*******************************************************************************
*** ENTRY LIST
***

Entry                      Address  Size  Type      Object
-----                      -------  ----  ----      ------
?main                   0x080001cd        Code  Gb  cmain.o [4]
CSTACK$$Base            0x20000000         --   Gb  - Linker created -
CSTACK$$Limit           0x20000400         --   Gb  - Linker created -
HardFault_Handler       0x08000201   0x2  Code  Gb  stm32f0xx_it.o [1]
NMI_Handler             0x080001ff   0x2  Code  Gb  stm32f0xx_it.o [1]
PendSV_Handler          0x08000205   0x2  Code  Gb  stm32f0xx_it.o [1]
Region$$Table$$Base     0x00000000         --   Gb  - Linker created -
Region$$Table$$Limit    0x00000000         --   Gb  - Linker created -
SVC_Handler             0x08000203   0x2  Code  Gb  stm32f0xx_it.o [1]
SysTick_Handler         0x08000207   0x2  Code  Gb  stm32f0xx_it.o [1]
SystemInit              0x080000b5  0xd0  Code  Gb  system_stm32f0xx.o [1]
__ICFEDIT_region_RAM_end__ {Abs}
                        0x20001fff        Data  Gb  command line/config [2]
__ICFEDIT_region_RAM_start__ {Abs}
                        0x20000000        Data  Gb  command line/config [2]
__cmain                 0x080001cd        Code  Gb  cmain.o [4]
__exit                  0x08000209  0x14  Code  Gb  exit.o [5]
__iar_program_start     0x0800021d        Code  Gb  cstartup_M.o [4]
__iar_systems$$module {Abs}
                        0x00000001        Data  Gb  command line/config [2]
__low_level_init        0x080001e7   0x4  Code  Gb  low_level_init.o [3]
__vector_table          0x08000000        Data  Gb  startup_stm32f030.o [1]
_call_main              0x080001d9        Code  Gb  cmain.o [4]
_exit                   0x080001f5        Code  Gb  cexit.o [4]
_main                   0x080001e3        Code  Gb  cmain.o [4]
exit                    0x080001ed   0x8  Code  Gb  exit.o [3]
main                    0x080001eb   0x2  Code  Gb  main.o [1]


[1] = D:\01_MiladuoSoft\github\backup-STM32F0xx_Lock\stm32f0xx_stdperiph_lib\Project\STM32F0xx_StdPeriph_Templates\EWARM\STM32F030\Obj
[2] = command line
[3] = dl6M_tln.a
[4] = rt6M_tl.a
[5] = shb_l.a

    600 bytes of readonly  code memory
  1 024 bytes of readwrite data memory

Errors: none
Warnings: none
